##_ver=20121031_014752
##_ver=20121212_225051
##_ver=20130407_224842




== 20130418_015723 ==

=== create database and table, insert data, select records ranging from a to b ===

* create database and table
 <pre>
$ mysql -p -u root

mysql>
mysql> CREATE DATABASE books;
mysql> USE books;
mysql> CREATE TABLE authors (id INT, name VARCHAR(30), email VARCHAR(50));
mysql> SHOW TABLES;
mysql>
</pre>

* insert data
 <pre>
$ mysql -p -u root

mysql>
mysql> USE books;
mysql> INSERT INTO authors (id, name, email) VALUES(1, "apple", "bvidz.apple@gmail.com");
mysql> INSERT INTO authors (id, name, email) VALUES(2, "banana", "bvidz.banana@gmail.com");
mysql> INSERT INTO authors (id, name, email) VALUES(3, "cherry", "bvidz.cherry@gmail.com");
mysql> INSERT INTO authors (id, name, email) VALUES(4, "durian", "bvidz.durian@gmail.com");
mysql> INSERT INTO authors (id, name, email) VALUES(5, "elderberry", "bvidz.elderberry@gmail.com");
mysql> SELECT * FROM authors;
mysql>
</pre>

* select records ranging from a to b
 <pre>
$ mysql -p -u root
mysql>
mysql> USE books;
mysql> SELECT name FROM authors WHERE id BETWEEN 2 AND 3;
mysql>

$ mysql -p -u root --batch --silent -e 'use books; select name from authors where id between 2 and 3;' 
</pre>




== 20130407_224536 ==

=== extract information using SELECT ===

* extract user_name (column) from mw_user (table) of wikidb (database)
 <pre>
mysql> select user_name from wikidb.mw_user;
+-----------+
| user_name |
+-----------+
| Admin     |
| Blusjune  |
+-----------+
2 rows in set (0.00 sec)

</pre>




== 20130402_014346 ==

=== export and import database using mysqldump ===

* Reference
:- [http://www.cyberciti.biz/faq/import-mysql-dumpfile-sql-datafile-into-my-database/ Import MySQL Dumpfile, SQL Datafile Into My Database]
:- [http://stackoverflow.com/questions/105776/how-do-i-restore-a-mysql-dump-file How do I restore a MySQL .dump file?]
:- [http://stackoverflow.com/questions/859313/import-sql-dump-into-mysql Import SQL dump into MySQL]

 <pre>
$ mysqldump -p -u root wikidb > wikidb.sql
$ mysql -p -u root;
mysql> create database wikini;
$ mysql -p -u root wikini < wikidb.sql
</pre>




== 20130108_133330 ==
=== migration mysql db from this to another machine ===

* reference
: [http://stackoverflow.com/questions/328922/transfer-mysql-database-to-another-computer transfer mysql databse to another computer // stackoverflow]

 <pre>
$ mysqldump -u username -p wikidb > wikidb.sql;
	# basic essential minimal command.
	# 'wikiuser' was the name for 'wikidb', but
	# you may have to use 'root' username.
$ mysqldump -u username --opt --compress --all-databases > alldb.sql;
	# benefit of this way is: you will not lose user privilege settings.
</pre>




== 20121212_225118 ==

=== BMF (Benchmark Factory) Trouble-shooting ===
* when you get the following error message at BMF (benchmark factory) mysql connection test
 [MySQL][ODBC 3.51 driver] Can't Connect to mysql server on 'b07' (10061)

: 1. please make sure that the mysql bind address is set to '0.0.0.0' not '127.0.0.1'
 <pre>
	foo@bar$ vi /etc/mysql/my.cnf
		bind-address	= 0.0.0.0
	foo@bar$ /etc/init.d/mysql restart
</pre>
: 2. and then reconnect to the mysql db server from the BMF (benchmark factory)
: 3. you may want to control the size of memory buffer pool of mysql db server




== 20121107_013343 ==

=== 'some_db_user'@'%' Vs. 'some_db_user'@'localhost' ===

* It is very important to add both of 'tpcc_user'@'%' and 'tpcc_user'@'localhost' as the following
:- 'tpcc_user'@'%' to allow remote access to this host's mysql
:- 'tpcc_user'@'localhost' to allow local login into this host's mysql

* It also seems important to include 'WITH GRANT OPTION' statement while 'GRANT' command processing

 <pre>
mysql> CREATE USER 'tpcc_user'@'localhost' IDENTIFIED BY 'some_pass';
mysql> GRANT ALL PRIVILEGES ON *.* TO 'tpcc_user'@'localhost'
    ->     WITH GRANT OPTION;
mysql> CREATE USER 'tpcc_user'@'%' IDENTIFIED BY 'some_pass';
mysql> GRANT ALL PRIVILEGES ON *.* TO 'tpcc_user'@'%'
    ->     WITH GRANT OPTION;
</pre>




== 20121212_225051 ==

=== Create mysql user and configure the privilege ===

 <pre>
$ mysql -u root -p;

mysql> select * from mysql.user;
mysql> create user badboy identified by 'not_correct_pswd';
mysql> drop user badboy;
mysql> create user goodgirl identified by 'mypswd';
mysql> show grants for goodgirl;
mysql> grant all on *.* to goodgirl;
mysql> grant all privileges on *.* to goodgirl;
mysql> show grants for goodgirl;
mysql> grant reload, process on *.* to goodgirl;
</pre>

* Reference
: [http://dev.mysql.com/doc/refman/5.5/en//adding-users.html MySQL Adding Users]

 <pre>
mysql> CREATE USER 'monty'@'localhost' IDENTIFIED BY 'some_pass';
mysql> GRANT ALL PRIVILEGES ON *.* TO 'monty'@'localhost'
    ->     WITH GRANT OPTION;
mysql> CREATE USER 'monty'@'%' IDENTIFIED BY 'some_pass';
mysql> GRANT ALL PRIVILEGES ON *.* TO 'monty'@'%'
    ->     WITH GRANT OPTION;
mysql> CREATE USER 'admin'@'localhost';
mysql> GRANT RELOAD,PROCESS ON *.* TO 'admin'@'localhost';
mysql> CREATE USER 'dummy'@'localhost';

mysql> SHOW GRANTS FOR 'admin'@'localhost';
+-----------------------------------------------------+
| Grants for admin@localhost                          |
+-----------------------------------------------------+
| GRANT RELOAD, PROCESS ON *.* TO 'admin'@'localhost' |
+-----------------------------------------------------+

shell> mysql --user=root mysql
mysql> INSERT INTO user
    ->     VALUES('localhost','monty',PASSWORD('some_pass'),
    ->     'Y','Y','Y','Y','Y','Y','Y','Y','Y','Y','Y','Y','Y','Y');
mysql> INSERT INTO user
    ->     VALUES('%','monty',PASSWORD('some_pass'),
    ->     'Y','Y','Y','Y','Y','Y','Y','Y','Y','Y','Y','Y','Y','Y',
    ->     'Y','Y','Y','Y','Y','Y','Y','Y','Y','Y','Y','Y','Y','Y',
    ->     '','','','',0,0,0,0);
mysql> INSERT INTO user SET Host='localhost',User='admin',
    ->     Reload_priv='Y', Process_priv='Y';
mysql> INSERT INTO user (Host,User,Password)
    ->     VALUES('localhost','dummy','');
mysql> FLUSH PRIVILEGES;
</pre>




